// Jest Snapshot v1, https://goo.gl/fbAQLP

exports[`renders the UI as expected 1`] = `
<div
  className="RegistrationPage"
>
  <h2>
    Welcome!
  </h2>
  <form
    className="RegistrationForm"
    onSubmit={[Function]}
  >
    <div
      className="RegistrationForm-error"
      role="alert"
    />
    <label
      htmlFor="first-name"
    >
      First Name: 
      <span>
        *
      </span>
    </label>
    <input
      id="first-name"
      onChange={[Function]}
      required={true}
      type="text"
      value=""
    />
    <label
      htmlFor="last-name"
    >
      Last Name: 
      <span>
        *
      </span>
       
    </label>
    <input
      id="last-name"
      name="last-name"
      onChange={[Function]}
      required={true}
      type="text"
      value=""
    />
    <label
      htmlFor="email"
    >
      Email: 
      <span>
        *
      </span>
    </label>
    <input
      id="email"
      name="email"
      onChange={[Function]}
      required={true}
      type="text"
      value=""
    />
    <label
      htmlFor="password"
    >
      Password: 
      <span>
        *
      </span>
    </label>
    <p>
      (must be longer than 8 characters and contain 1 upper case, lower case, number and special character)
    </p>
    <input
      id="password"
      name="password"
      onChange={[Function]}
      required={true}
      type="password"
      value=""
    />
    <label
      htmlFor="zip"
    >
      City, State, Country: 
      <span>
        *
      </span>
    </label>
     
    <div
      className="search-location-input"
    >
      <input
        onChange={[Function]}
        placeholder="Portland, OR, USA"
        value=""
      />
    </div>
    <button
      type="submit"
    >
      Sign Up!
    </button>
  </form>
</div>
`;
