// Jest Snapshot v1, https://goo.gl/fbAQLP

exports[`renders the UI as expected 1`] = `
<form
  className="RegistrationForm"
  onSubmit={[Function]}
>
  <div
    className="RegistrationForm-error"
    role="alert"
  />
  <label
    htmlFor="first-name"
  >
    First Name: 
  </label>
  <input
    id="first-name"
    onChange={[Function]}
    required={true}
    type="text"
    value=""
  />
  <label
    htmlFor="last-name"
  >
    Last Name: 
  </label>
  <input
    id="last-name"
    name="last-name"
    onChange={[Function]}
    required={true}
    type="text"
    value=""
  />
  <label
    htmlFor="email"
  >
    Email: 
  </label>
  <input
    id="email"
    name="email"
    onChange={[Function]}
    required={true}
    type="text"
    value=""
  />
  <label
    htmlFor="password"
  >
    Password: 
  </label>
  <input
    id="password"
    name="password"
    onChange={[Function]}
    required={true}
    type="password"
    value=""
  />
  <label
    htmlFor="zip"
  >
    City and State: 
  </label>
   
  <div
    className="search-location-input"
  >
    <input
      onChange={[Function]}
      placeholder="Begin typing a city and state"
      value=""
    />
  </div>
  <button
    type="submit"
  >
    Sign Up!
  </button>
</form>
`;
